Tue 19 May 2026 23:34:16 INFO  ['run_recbole.py', 'SASRec', 'beauty']
Tue 19 May 2026 23:34:16 INFO  
General Hyper Parameters:
gpu_id = 0
use_gpu = True
seed = 2020
state = INFO
reproducibility = True
data_path = dataset/dataset/recbole/beauty
checkpoint_dir = recbole/output/saved
show_progress = True
save_dataset = False
dataset_save_path = None
save_dataloaders = False
dataloaders_save_path = None
log_wandb = False

Training Hyper Parameters:
epochs = 200
train_batch_size = 256
learner = adam
learning_rate = 0.001
train_neg_sample_args = {'distribution': 'none', 'sample_num': 'none', 'alpha': 'none', 'dynamic': False, 'candidate_num': 0}
eval_step = 1
stopping_step = 10
clip_grad_norm = None
weight_decay = 0.0
loss_decimal_place = 4

Evaluation Hyper Parameters:
eval_args = {'split': {'LS': 'valid_and_test'}, 'order': 'TO', 'group_by': 'user', 'mode': {'valid': 'full', 'test': 'full'}}
repeatable = True
metrics = ['Recall', 'NDCG', 'MRR', 'Hit']
topk = [5, 10, 20]
valid_metric = NDCG@10
valid_metric_bigger = True
eval_batch_size = 512
metric_decimal_place = 4

Dataset Hyper Parameters:
field_separator = 	
seq_separator =  
USER_ID_FIELD = user_id
ITEM_ID_FIELD = item_id
RATING_FIELD = rating
TIME_FIELD = timestamp
seq_len = None
LABEL_FIELD = label
threshold = None
NEG_PREFIX = neg_
load_col = {'inter': ['user_id', 'item_id', 'timestamp']}
unload_col = None
unused_col = None
additional_feat_suffix = None
rm_dup_inter = None
val_interval = None
filter_inter_by_user_or_item = True
user_inter_num_interval = [0,inf)
item_inter_num_interval = [0,inf)
alias_of_user_id = None
alias_of_item_id = None
alias_of_entity_id = None
alias_of_relation_id = None
preload_weight = None
normalize_field = None
normalize_all = None
ITEM_LIST_LENGTH_FIELD = item_length
LIST_SUFFIX = _list
MAX_ITEM_LIST_LENGTH = 200
POSITION_FIELD = position_id
HEAD_ENTITY_ID_FIELD = head_id
TAIL_ENTITY_ID_FIELD = tail_id
RELATION_ID_FIELD = relation_id
ENTITY_ID_FIELD = entity_id
benchmark_filename = None

Other Hyper Parameters: 
worker = 0
wandb_project = recbole
shuffle = True
require_pow = False
enable_amp = False
enable_scaler = False
transform = None
n_layers = 2
n_heads = 2
hidden_size = 64
inner_size = 256
hidden_dropout_prob = 0.5
attn_dropout_prob = 0.5
hidden_act = gelu
layer_norm_eps = 1e-12
initializer_range = 0.02
loss_type = CE
numerical_features = []
discretization = None
kg_reverse_r = False
entity_kg_num_interval = [0,inf)
relation_kg_num_interval = [0,inf)
MODEL_TYPE = ModelType.SEQUENTIAL
MODEL_INPUT_TYPE = InputType.POINTWISE
eval_type = EvaluatorType.RANKING
single_spec = True
local_rank = 0
device = cuda
valid_neg_sample_args = {'distribution': 'uniform', 'sample_num': 'none'}
test_neg_sample_args = {'distribution': 'uniform', 'sample_num': 'none'}


Tue 19 May 2026 23:34:16 INFO  beauty
The number of users: 22364
Average actions of users: 8.876358270357287
The number of items: 12102
Average actions of items: 16.403768283612923
The number of inters: 198502
The sparsity of the dataset: 99.92665707018277%
Remain Fields: ['user_id', 'item_id', 'timestamp']
Tue 19 May 2026 23:34:18 INFO  [Training]: train_batch_size = [256] train_neg_sample_args: [{'distribution': 'none', 'sample_num': 'none', 'alpha': 'none', 'dynamic': False, 'candidate_num': 0}]
Tue 19 May 2026 23:34:18 INFO  [Evaluation]: eval_batch_size = [512] eval_args: [{'split': {'LS': 'valid_and_test'}, 'order': 'TO', 'group_by': 'user', 'mode': {'valid': 'full', 'test': 'full'}}]
Tue 19 May 2026 23:34:18 INFO  SASRec(
  (item_embedding): Embedding(12102, 64, padding_idx=0)
  (position_embedding): Embedding(200, 64)
  (trm_encoder): TransformerEncoder(
    (layer): ModuleList(
      (0-1): 2 x TransformerLayer(
        (multi_head_attention): MultiHeadAttention(
          (query): Linear(in_features=64, out_features=64, bias=True)
          (key): Linear(in_features=64, out_features=64, bias=True)
          (value): Linear(in_features=64, out_features=64, bias=True)
          (softmax): Softmax(dim=-1)
          (attn_dropout): Dropout(p=0.5, inplace=False)
          (dense): Linear(in_features=64, out_features=64, bias=True)
          (LayerNorm): LayerNorm((64,), eps=1e-12, elementwise_affine=True)
          (out_dropout): Dropout(p=0.5, inplace=False)
        )
        (feed_forward): FeedForward(
          (dense_1): Linear(in_features=64, out_features=256, bias=True)
          (dense_2): Linear(in_features=256, out_features=64, bias=True)
          (LayerNorm): LayerNorm((64,), eps=1e-12, elementwise_affine=True)
          (dropout): Dropout(p=0.5, inplace=False)
        )
      )
    )
  )
  (LayerNorm): LayerNorm((64,), eps=1e-12, elementwise_affine=True)
  (dropout): Dropout(p=0.5, inplace=False)
  (loss_fct): CrossEntropyLoss()
)
Trainable parameters: 887424
Tue 19 May 2026 23:34:18 INFO  FLOPs: 20293664.0
Tue 19 May 2026 23:37:48 INFO  epoch 0 training [time: 207.29s, train loss: 4472.7524]
Tue 19 May 2026 23:37:51 INFO  epoch 0 evaluating [time: 3.55s, valid_score: 0.014800]
Tue 19 May 2026 23:37:51 INFO  valid result: 
recall@5 : 0.0162    recall@10 : 0.03    recall@20 : 0.0487    ndcg@5 : 0.0103    ndcg@10 : 0.0148    ndcg@20 : 0.0195    mrr@5 : 0.0084    mrr@10 : 0.0103    mrr@20 : 0.0115    hit@5 : 0.0162    hit@10 : 0.03    hit@20 : 0.0487
Tue 19 May 2026 23:37:51 INFO  Saving current: recbole/output/saved/SASRec-May-19-2026_23-34-18.pth
Tue 19 May 2026 23:41:19 INFO  epoch 1 training [time: 208.10s, train loss: 4143.7318]
Tue 19 May 2026 23:41:23 INFO  epoch 1 evaluating [time: 3.36s, valid_score: 0.026900]
Tue 19 May 2026 23:41:23 INFO  valid result: 
recall@5 : 0.0331    recall@10 : 0.0534    recall@20 : 0.0818    ndcg@5 : 0.0204    ndcg@10 : 0.0269    ndcg@20 : 0.0341    mrr@5 : 0.0162    mrr@10 : 0.0189    mrr@20 : 0.0208    hit@5 : 0.0331    hit@10 : 0.0534    hit@20 : 0.0818
Tue 19 May 2026 23:41:23 INFO  Saving current: recbole/output/saved/SASRec-May-19-2026_23-34-18.pth
Tue 19 May 2026 23:44:52 INFO  epoch 2 training [time: 208.78s, train loss: 3960.2475]
Tue 19 May 2026 23:44:55 INFO  epoch 2 evaluating [time: 3.25s, valid_score: 0.035600]
Tue 19 May 2026 23:44:55 INFO  valid result: 
recall@5 : 0.043    recall@10 : 0.0696    recall@20 : 0.1045    ndcg@5 : 0.027    ndcg@10 : 0.0356    ndcg@20 : 0.0444    mrr@5 : 0.0218    mrr@10 : 0.0253    mrr@20 : 0.0277    hit@5 : 0.043    hit@10 : 0.0696    hit@20 : 0.1045
Tue 19 May 2026 23:44:55 INFO  Saving current: recbole/output/saved/SASRec-May-19-2026_23-34-18.pth
Tue 19 May 2026 23:48:22 INFO  epoch 3 training [time: 206.70s, train loss: 3833.6896]
Tue 19 May 2026 23:48:25 INFO  epoch 3 evaluating [time: 3.30s, valid_score: 0.042400]
Tue 19 May 2026 23:48:25 INFO  valid result: 
recall@5 : 0.0539    recall@10 : 0.0829    recall@20 : 0.12    ndcg@5 : 0.033    ndcg@10 : 0.0424    ndcg@20 : 0.0517    mrr@5 : 0.0262    mrr@10 : 0.03    mrr@20 : 0.0325    hit@5 : 0.0539    hit@10 : 0.0829    hit@20 : 0.12
Tue 19 May 2026 23:48:25 INFO  Saving current: recbole/output/saved/SASRec-May-19-2026_23-34-18.pth
Tue 19 May 2026 23:51:54 INFO  epoch 4 training [time: 208.74s, train loss: 3730.7728]
Tue 19 May 2026 23:51:57 INFO  epoch 4 evaluating [time: 3.56s, valid_score: 0.044700]
Tue 19 May 2026 23:51:57 INFO  valid result: 
recall@5 : 0.0585    recall@10 : 0.0891    recall@20 : 0.1275    ndcg@5 : 0.0349    ndcg@10 : 0.0447    ndcg@20 : 0.0544    mrr@5 : 0.0271    mrr@10 : 0.0312    mrr@20 : 0.0338    hit@5 : 0.0585    hit@10 : 0.0891    hit@20 : 0.1275
Tue 19 May 2026 23:51:57 INFO  Saving current: recbole/output/saved/SASRec-May-19-2026_23-34-18.pth
Tue 19 May 2026 23:55:24 INFO  epoch 5 training [time: 206.46s, train loss: 3645.5542]
Tue 19 May 2026 23:55:27 INFO  epoch 5 evaluating [time: 3.31s, valid_score: 0.046500]
Tue 19 May 2026 23:55:27 INFO  valid result: 
recall@5 : 0.0631    recall@10 : 0.0928    recall@20 : 0.1304    ndcg@5 : 0.0369    ndcg@10 : 0.0465    ndcg@20 : 0.056    mrr@5 : 0.0283    mrr@10 : 0.0323    mrr@20 : 0.0349    hit@5 : 0.0631    hit@10 : 0.0928    hit@20 : 0.1304
Tue 19 May 2026 23:55:27 INFO  Saving current: recbole/output/saved/SASRec-May-19-2026_23-34-18.pth
Tue 19 May 2026 23:58:54 INFO  epoch 6 training [time: 206.74s, train loss: 3579.1042]
Tue 19 May 2026 23:58:57 INFO  epoch 6 evaluating [time: 3.53s, valid_score: 0.047300]
Tue 19 May 2026 23:58:57 INFO  valid result: 
recall@5 : 0.0634    recall@10 : 0.0948    recall@20 : 0.1346    ndcg@5 : 0.0371    ndcg@10 : 0.0473    ndcg@20 : 0.0573    mrr@5 : 0.0285    mrr@10 : 0.0326    mrr@20 : 0.0354    hit@5 : 0.0634    hit@10 : 0.0948    hit@20 : 0.1346
Tue 19 May 2026 23:58:57 INFO  Saving current: recbole/output/saved/SASRec-May-19-2026_23-34-18.pth
Wed 20 May 2026 00:02:24 INFO  epoch 7 training [time: 206.20s, train loss: 3524.6706]
Wed 20 May 2026 00:02:27 INFO  epoch 7 evaluating [time: 3.37s, valid_score: 0.048100]
Wed 20 May 2026 00:02:27 INFO  valid result: 
recall@5 : 0.065    recall@10 : 0.0967    recall@20 : 0.1363    ndcg@5 : 0.0379    ndcg@10 : 0.0481    ndcg@20 : 0.0581    mrr@5 : 0.029    mrr@10 : 0.0332    mrr@20 : 0.0359    hit@5 : 0.065    hit@10 : 0.0967    hit@20 : 0.1363
Wed 20 May 2026 00:02:27 INFO  Saving current: recbole/output/saved/SASRec-May-19-2026_23-34-18.pth
Wed 20 May 2026 00:05:54 INFO  epoch 8 training [time: 207.18s, train loss: 3483.2752]
Wed 20 May 2026 00:05:58 INFO  epoch 8 evaluating [time: 3.34s, valid_score: 0.048300]
Wed 20 May 2026 00:05:58 INFO  valid result: 
recall@5 : 0.066    recall@10 : 0.0992    recall@20 : 0.139    ndcg@5 : 0.0376    ndcg@10 : 0.0483    ndcg@20 : 0.0583    mrr@5 : 0.0283    mrr@10 : 0.0327    mrr@20 : 0.0354    hit@5 : 0.066    hit@10 : 0.0992    hit@20 : 0.139
Wed 20 May 2026 00:05:58 INFO  Saving current: recbole/output/saved/SASRec-May-19-2026_23-34-18.pth
Wed 20 May 2026 00:09:25 INFO  epoch 9 training [time: 207.25s, train loss: 3444.5276]
Wed 20 May 2026 00:09:28 INFO  epoch 9 evaluating [time: 3.45s, valid_score: 0.048900]
Wed 20 May 2026 00:09:28 INFO  valid result: 
recall@5 : 0.0662    recall@10 : 0.0986    recall@20 : 0.1392    ndcg@5 : 0.0384    ndcg@10 : 0.0489    ndcg@20 : 0.0591    mrr@5 : 0.0293    mrr@10 : 0.0336    mrr@20 : 0.0364    hit@5 : 0.0662    hit@10 : 0.0986    hit@20 : 0.1392
Wed 20 May 2026 00:09:28 INFO  Saving current: recbole/output/saved/SASRec-May-19-2026_23-34-18.pth
Wed 20 May 2026 00:12:56 INFO  epoch 10 training [time: 207.44s, train loss: 3414.9304]
Wed 20 May 2026 00:12:59 INFO  epoch 10 evaluating [time: 3.28s, valid_score: 0.049200]
Wed 20 May 2026 00:12:59 INFO  valid result: 
recall@5 : 0.0655    recall@10 : 0.1004    recall@20 : 0.1405    ndcg@5 : 0.0379    ndcg@10 : 0.0492    ndcg@20 : 0.0593    mrr@5 : 0.0288    mrr@10 : 0.0335    mrr@20 : 0.0362    hit@5 : 0.0655    hit@10 : 0.1004    hit@20 : 0.1405
Wed 20 May 2026 00:12:59 INFO  Saving current: recbole/output/saved/SASRec-May-19-2026_23-34-18.pth
Wed 20 May 2026 00:16:27 INFO  epoch 11 training [time: 208.11s, train loss: 3389.2826]
Wed 20 May 2026 00:16:30 INFO  epoch 11 evaluating [time: 3.30s, valid_score: 0.049300]
Wed 20 May 2026 00:16:30 INFO  valid result: 
recall@5 : 0.0657    recall@10 : 0.101    recall@20 : 0.1409    ndcg@5 : 0.0379    ndcg@10 : 0.0493    ndcg@20 : 0.0594    mrr@5 : 0.0288    mrr@10 : 0.0335    mrr@20 : 0.0362    hit@5 : 0.0657    hit@10 : 0.101    hit@20 : 0.1409
Wed 20 May 2026 00:16:31 INFO  Saving current: recbole/output/saved/SASRec-May-19-2026_23-34-18.pth
Wed 20 May 2026 00:19:58 INFO  epoch 12 training [time: 207.44s, train loss: 3370.6109]
Wed 20 May 2026 00:20:01 INFO  epoch 12 evaluating [time: 3.28s, valid_score: 0.049600]
Wed 20 May 2026 00:20:01 INFO  valid result: 
recall@5 : 0.0669    recall@10 : 0.1025    recall@20 : 0.1425    ndcg@5 : 0.0382    ndcg@10 : 0.0496    ndcg@20 : 0.0597    mrr@5 : 0.0287    mrr@10 : 0.0334    mrr@20 : 0.0361    hit@5 : 0.0669    hit@10 : 0.1025    hit@20 : 0.1425
Wed 20 May 2026 00:20:01 INFO  Saving current: recbole/output/saved/SASRec-May-19-2026_23-34-18.pth
Wed 20 May 2026 00:23:27 INFO  epoch 13 training [time: 205.80s, train loss: 3350.9733]
Wed 20 May 2026 00:23:30 INFO  epoch 13 evaluating [time: 3.18s, valid_score: 0.049100]
Wed 20 May 2026 00:23:30 INFO  valid result: 
recall@5 : 0.0662    recall@10 : 0.101    recall@20 : 0.1413    ndcg@5 : 0.0378    ndcg@10 : 0.0491    ndcg@20 : 0.0592    mrr@5 : 0.0285    mrr@10 : 0.0332    mrr@20 : 0.0359    hit@5 : 0.0662    hit@10 : 0.101    hit@20 : 0.1413
Wed 20 May 2026 00:27:00 INFO  epoch 14 training [time: 210.05s, train loss: 3336.8105]
Wed 20 May 2026 00:27:04 INFO  epoch 14 evaluating [time: 3.50s, valid_score: 0.050100]
Wed 20 May 2026 00:27:04 INFO  valid result: 
recall@5 : 0.0664    recall@10 : 0.102    recall@20 : 0.1422    ndcg@5 : 0.0385    ndcg@10 : 0.0501    ndcg@20 : 0.0601    mrr@5 : 0.0294    mrr@10 : 0.0341    mrr@20 : 0.0368    hit@5 : 0.0664    hit@10 : 0.102    hit@20 : 0.1422
Wed 20 May 2026 00:27:04 INFO  Saving current: recbole/output/saved/SASRec-May-19-2026_23-34-18.pth
Wed 20 May 2026 00:30:33 INFO  epoch 15 training [time: 209.26s, train loss: 3322.2440]
Wed 20 May 2026 00:30:36 INFO  epoch 15 evaluating [time: 3.18s, valid_score: 0.049500]
Wed 20 May 2026 00:30:36 INFO  valid result: 
recall@5 : 0.0674    recall@10 : 0.0994    recall@20 : 0.1415    ndcg@5 : 0.0392    ndcg@10 : 0.0495    ndcg@20 : 0.0601    mrr@5 : 0.0298    mrr@10 : 0.0341    mrr@20 : 0.0369    hit@5 : 0.0674    hit@10 : 0.0994    hit@20 : 0.1415
Wed 20 May 2026 00:34:06 INFO  epoch 16 training [time: 210.18s, train loss: 3310.1432]
Wed 20 May 2026 00:34:10 INFO  epoch 16 evaluating [time: 3.57s, valid_score: 0.050100]
Wed 20 May 2026 00:34:10 INFO  valid result: 
recall@5 : 0.0673    recall@10 : 0.1012    recall@20 : 0.1422    ndcg@5 : 0.0392    ndcg@10 : 0.0501    ndcg@20 : 0.0604    mrr@5 : 0.0299    mrr@10 : 0.0344    mrr@20 : 0.0373    hit@5 : 0.0673    hit@10 : 0.1012    hit@20 : 0.1422
Wed 20 May 2026 00:34:10 INFO  Saving current: recbole/output/saved/SASRec-May-19-2026_23-34-18.pth
Wed 20 May 2026 00:37:39 INFO  epoch 17 training [time: 208.77s, train loss: 3298.9804]
Wed 20 May 2026 00:37:42 INFO  epoch 17 evaluating [time: 3.32s, valid_score: 0.050100]
Wed 20 May 2026 00:37:42 INFO  valid result: 
recall@5 : 0.0685    recall@10 : 0.1026    recall@20 : 0.1416    ndcg@5 : 0.0391    ndcg@10 : 0.0501    ndcg@20 : 0.0599    mrr@5 : 0.0294    mrr@10 : 0.034    mrr@20 : 0.0367    hit@5 : 0.0685    hit@10 : 0.1026    hit@20 : 0.1416
Wed 20 May 2026 00:37:42 INFO  Saving current: recbole/output/saved/SASRec-May-19-2026_23-34-18.pth
Wed 20 May 2026 00:41:10 INFO  epoch 18 training [time: 207.61s, train loss: 3287.0057]
Wed 20 May 2026 00:41:13 INFO  epoch 18 evaluating [time: 3.50s, valid_score: 0.049800]
Wed 20 May 2026 00:41:13 INFO  valid result: 
recall@5 : 0.0676    recall@10 : 0.1011    recall@20 : 0.1415    ndcg@5 : 0.0389    ndcg@10 : 0.0498    ndcg@20 : 0.06    mrr@5 : 0.0295    mrr@10 : 0.034    mrr@20 : 0.0368    hit@5 : 0.0676    hit@10 : 0.1011    hit@20 : 0.1415
Wed 20 May 2026 00:44:41 INFO  epoch 19 training [time: 208.15s, train loss: 3279.3191]
Wed 20 May 2026 00:44:45 INFO  epoch 19 evaluating [time: 3.36s, valid_score: 0.050800]
Wed 20 May 2026 00:44:45 INFO  valid result: 
recall@5 : 0.0681    recall@10 : 0.1028    recall@20 : 0.1439    ndcg@5 : 0.0395    ndcg@10 : 0.0508    ndcg@20 : 0.0611    mrr@5 : 0.0302    mrr@10 : 0.0348    mrr@20 : 0.0376    hit@5 : 0.0681    hit@10 : 0.1028    hit@20 : 0.1439
Wed 20 May 2026 00:44:45 INFO  Saving current: recbole/output/saved/SASRec-May-19-2026_23-34-18.pth
Wed 20 May 2026 00:48:14 INFO  epoch 20 training [time: 208.90s, train loss: 3271.4664]
Wed 20 May 2026 00:48:17 INFO  epoch 20 evaluating [time: 3.58s, valid_score: 0.050300]
Wed 20 May 2026 00:48:17 INFO  valid result: 
recall@5 : 0.067    recall@10 : 0.1028    recall@20 : 0.1425    ndcg@5 : 0.0388    ndcg@10 : 0.0503    ndcg@20 : 0.0603    mrr@5 : 0.0294    mrr@10 : 0.0342    mrr@20 : 0.0369    hit@5 : 0.067    hit@10 : 0.1028    hit@20 : 0.1425
Wed 20 May 2026 00:51:46 INFO  epoch 21 training [time: 208.33s, train loss: 3263.9378]
Wed 20 May 2026 00:51:49 INFO  epoch 21 evaluating [time: 3.36s, valid_score: 0.050700]
Wed 20 May 2026 00:51:49 INFO  valid result: 
recall@5 : 0.0686    recall@10 : 0.1028    recall@20 : 0.1421    ndcg@5 : 0.0397    ndcg@10 : 0.0507    ndcg@20 : 0.0606    mrr@5 : 0.0301    mrr@10 : 0.0347    mrr@20 : 0.0374    hit@5 : 0.0686    hit@10 : 0.1028    hit@20 : 0.1421
Wed 20 May 2026 00:55:16 INFO  epoch 22 training [time: 206.60s, train loss: 3256.3849]
Wed 20 May 2026 00:55:19 INFO  epoch 22 evaluating [time: 3.35s, valid_score: 0.050100]
Wed 20 May 2026 00:55:19 INFO  valid result: 
recall@5 : 0.0663    recall@10 : 0.1014    recall@20 : 0.1431    ndcg@5 : 0.0387    ndcg@10 : 0.0501    ndcg@20 : 0.0606    mrr@5 : 0.0296    mrr@10 : 0.0343    mrr@20 : 0.0372    hit@5 : 0.0663    hit@10 : 0.1014    hit@20 : 0.1431
Wed 20 May 2026 00:58:48 INFO  epoch 23 training [time: 208.87s, train loss: 3248.3056]
Wed 20 May 2026 00:58:51 INFO  epoch 23 evaluating [time: 3.33s, valid_score: 0.050200]
Wed 20 May 2026 00:58:51 INFO  valid result: 
recall@5 : 0.0676    recall@10 : 0.1032    recall@20 : 0.144    ndcg@5 : 0.0387    ndcg@10 : 0.0502    ndcg@20 : 0.0605    mrr@5 : 0.0292    mrr@10 : 0.0339    mrr@20 : 0.0367    hit@5 : 0.0676    hit@10 : 0.1032    hit@20 : 0.144
Wed 20 May 2026 01:02:20 INFO  epoch 24 training [time: 209.09s, train loss: 3243.2565]
Wed 20 May 2026 01:02:24 INFO  epoch 24 evaluating [time: 3.41s, valid_score: 0.050300]
Wed 20 May 2026 01:02:24 INFO  valid result: 
recall@5 : 0.0673    recall@10 : 0.1027    recall@20 : 0.1443    ndcg@5 : 0.0389    ndcg@10 : 0.0503    ndcg@20 : 0.0608    mrr@5 : 0.0296    mrr@10 : 0.0343    mrr@20 : 0.0371    hit@5 : 0.0673    hit@10 : 0.1027    hit@20 : 0.1443
Wed 20 May 2026 01:05:50 INFO  epoch 25 training [time: 206.43s, train loss: 3238.5880]
Wed 20 May 2026 01:05:53 INFO  epoch 25 evaluating [time: 3.31s, valid_score: 0.051900]
Wed 20 May 2026 01:05:53 INFO  valid result: 
recall@5 : 0.0692    recall@10 : 0.1036    recall@20 : 0.144    ndcg@5 : 0.0407    ndcg@10 : 0.0519    ndcg@20 : 0.0621    mrr@5 : 0.0314    mrr@10 : 0.036    mrr@20 : 0.0388    hit@5 : 0.0692    hit@10 : 0.1036    hit@20 : 0.144
Wed 20 May 2026 01:05:53 INFO  Saving current: recbole/output/saved/SASRec-May-19-2026_23-34-18.pth
Wed 20 May 2026 01:09:21 INFO  epoch 26 training [time: 207.18s, train loss: 3229.7013]
Wed 20 May 2026 01:09:24 INFO  epoch 26 evaluating [time: 3.20s, valid_score: 0.050900]
Wed 20 May 2026 01:09:24 INFO  valid result: 
recall@5 : 0.0688    recall@10 : 0.1024    recall@20 : 0.1428    ndcg@5 : 0.04    ndcg@10 : 0.0509    ndcg@20 : 0.0611    mrr@5 : 0.0305    mrr@10 : 0.035    mrr@20 : 0.0378    hit@5 : 0.0688    hit@10 : 0.1024    hit@20 : 0.1428
Wed 20 May 2026 01:12:51 INFO  epoch 27 training [time: 206.94s, train loss: 3227.7810]
Wed 20 May 2026 01:12:54 INFO  epoch 27 evaluating [time: 3.30s, valid_score: 0.051300]
Wed 20 May 2026 01:12:54 INFO  valid result: 
recall@5 : 0.0687    recall@10 : 0.1042    recall@20 : 0.1439    ndcg@5 : 0.0399    ndcg@10 : 0.0513    ndcg@20 : 0.0613    mrr@5 : 0.0304    mrr@10 : 0.0351    mrr@20 : 0.0378    hit@5 : 0.0687    hit@10 : 0.1042    hit@20 : 0.1439
Wed 20 May 2026 01:16:23 INFO  epoch 28 training [time: 208.87s, train loss: 3218.6006]
Wed 20 May 2026 01:16:26 INFO  epoch 28 evaluating [time: 3.35s, valid_score: 0.051100]
Wed 20 May 2026 01:16:26 INFO  valid result: 
recall@5 : 0.0675    recall@10 : 0.1023    recall@20 : 0.1441    ndcg@5 : 0.0398    ndcg@10 : 0.0511    ndcg@20 : 0.0616    mrr@5 : 0.0307    mrr@10 : 0.0353    mrr@20 : 0.0382    hit@5 : 0.0675    hit@10 : 0.1023    hit@20 : 0.1441
Wed 20 May 2026 01:19:55 INFO  epoch 29 training [time: 208.25s, train loss: 3213.7283]
Wed 20 May 2026 01:19:58 INFO  epoch 29 evaluating [time: 3.35s, valid_score: 0.050500]
Wed 20 May 2026 01:19:58 INFO  valid result: 
recall@5 : 0.0687    recall@10 : 0.103    recall@20 : 0.1448    ndcg@5 : 0.0395    ndcg@10 : 0.0505    ndcg@20 : 0.061    mrr@5 : 0.0299    mrr@10 : 0.0344    mrr@20 : 0.0373    hit@5 : 0.0687    hit@10 : 0.103    hit@20 : 0.1448
Wed 20 May 2026 01:23:25 INFO  epoch 30 training [time: 207.28s, train loss: 3212.9185]
Wed 20 May 2026 01:23:29 INFO  epoch 30 evaluating [time: 3.49s, valid_score: 0.051000]
Wed 20 May 2026 01:23:29 INFO  valid result: 
recall@5 : 0.0683    recall@10 : 0.1039    recall@20 : 0.1448    ndcg@5 : 0.0395    ndcg@10 : 0.051    ndcg@20 : 0.0613    mrr@5 : 0.03    mrr@10 : 0.0347    mrr@20 : 0.0375    hit@5 : 0.0683    hit@10 : 0.1039    hit@20 : 0.1448
Wed 20 May 2026 01:26:54 INFO  epoch 31 training [time: 205.17s, train loss: 3205.4738]
Wed 20 May 2026 01:26:57 INFO  epoch 31 evaluating [time: 3.47s, valid_score: 0.051100]
Wed 20 May 2026 01:26:57 INFO  valid result: 
recall@5 : 0.0684    recall@10 : 0.1047    recall@20 : 0.1455    ndcg@5 : 0.0393    ndcg@10 : 0.0511    ndcg@20 : 0.0614    mrr@5 : 0.0298    mrr@10 : 0.0347    mrr@20 : 0.0375    hit@5 : 0.0684    hit@10 : 0.1047    hit@20 : 0.1455
Wed 20 May 2026 01:30:26 INFO  epoch 32 training [time: 209.14s, train loss: 3201.3762]
Wed 20 May 2026 01:30:30 INFO  epoch 32 evaluating [time: 3.42s, valid_score: 0.051700]
Wed 20 May 2026 01:30:30 INFO  valid result: 
recall@5 : 0.0694    recall@10 : 0.1033    recall@20 : 0.1436    ndcg@5 : 0.0407    ndcg@10 : 0.0517    ndcg@20 : 0.0618    mrr@5 : 0.0313    mrr@10 : 0.0358    mrr@20 : 0.0386    hit@5 : 0.0694    hit@10 : 0.1033    hit@20 : 0.1436
Wed 20 May 2026 01:33:59 INFO  epoch 33 training [time: 209.49s, train loss: 3196.7208]
Wed 20 May 2026 01:34:03 INFO  epoch 33 evaluating [time: 3.26s, valid_score: 0.049900]
Wed 20 May 2026 01:34:03 INFO  valid result: 
recall@5 : 0.068    recall@10 : 0.1023    recall@20 : 0.1437    ndcg@5 : 0.0388    ndcg@10 : 0.0499    ndcg@20 : 0.0603    mrr@5 : 0.0291    mrr@10 : 0.0337    mrr@20 : 0.0366    hit@5 : 0.068    hit@10 : 0.1023    hit@20 : 0.1437
Wed 20 May 2026 01:37:30 INFO  epoch 34 training [time: 207.84s, train loss: 3193.4195]
Wed 20 May 2026 01:37:34 INFO  epoch 34 evaluating [time: 3.49s, valid_score: 0.050700]
Wed 20 May 2026 01:37:34 INFO  valid result: 
recall@5 : 0.0684    recall@10 : 0.1026    recall@20 : 0.1442    ndcg@5 : 0.0396    ndcg@10 : 0.0507    ndcg@20 : 0.0612    mrr@5 : 0.0302    mrr@10 : 0.0348    mrr@20 : 0.0376    hit@5 : 0.0684    hit@10 : 0.1026    hit@20 : 0.1442
Wed 20 May 2026 01:41:01 INFO  epoch 35 training [time: 206.85s, train loss: 3189.6753]
Wed 20 May 2026 01:41:04 INFO  epoch 35 evaluating [time: 3.44s, valid_score: 0.050900]
Wed 20 May 2026 01:41:04 INFO  valid result: 
recall@5 : 0.0686    recall@10 : 0.1034    recall@20 : 0.1437    ndcg@5 : 0.0397    ndcg@10 : 0.0509    ndcg@20 : 0.0611    mrr@5 : 0.0302    mrr@10 : 0.0348    mrr@20 : 0.0376    hit@5 : 0.0686    hit@10 : 0.1034    hit@20 : 0.1437
Wed 20 May 2026 01:44:32 INFO  epoch 36 training [time: 207.26s, train loss: 3184.5309]
Wed 20 May 2026 01:44:35 INFO  epoch 36 evaluating [time: 3.38s, valid_score: 0.050900]
Wed 20 May 2026 01:44:35 INFO  valid result: 
recall@5 : 0.0685    recall@10 : 0.1024    recall@20 : 0.1436    ndcg@5 : 0.0399    ndcg@10 : 0.0509    ndcg@20 : 0.0613    mrr@5 : 0.0305    mrr@10 : 0.035    mrr@20 : 0.0379    hit@5 : 0.0685    hit@10 : 0.1024    hit@20 : 0.1436
Wed 20 May 2026 01:44:35 INFO  Finished training, best eval result in epoch 25
