Sat 25 Jul 2026 01:48:24 INFO  ['run_recbole.py', 'GRU4Rec', 'ml-1m']
Sat 25 Jul 2026 01:48:24 INFO  
General Hyper Parameters:
gpu_id = 0
use_gpu = True
seed = 2020
state = INFO
reproducibility = True
data_path = dataset/dataset/recbole/ml-1m
checkpoint_dir = recbole/output/saved
show_progress = True
save_dataset = False
dataset_save_path = None
save_dataloaders = False
dataloaders_save_path = None
log_wandb = False

Training Hyper Parameters:
epochs = 200
train_batch_size = 256
learner = adam
learning_rate = 0.001
train_neg_sample_args = {'distribution': 'none', 'sample_num': 'none', 'alpha': 'none', 'dynamic': False, 'candidate_num': 0}
eval_step = 1
stopping_step = 10
clip_grad_norm = None
weight_decay = 0.0
loss_decimal_place = 4

Evaluation Hyper Parameters:
eval_args = {'split': {'LS': 'valid_and_test'}, 'order': 'TO', 'group_by': 'user', 'mode': {'valid': 'full', 'test': 'full'}}
repeatable = True
metrics = ['Recall', 'NDCG', 'MRR', 'Hit']
topk = [5, 10, 20]
valid_metric = NDCG@10
valid_metric_bigger = True
eval_batch_size = 512
metric_decimal_place = 4

Dataset Hyper Parameters:
field_separator = 	
seq_separator =  
USER_ID_FIELD = user_id
ITEM_ID_FIELD = item_id
RATING_FIELD = rating
TIME_FIELD = timestamp
seq_len = None
LABEL_FIELD = label
threshold = None
NEG_PREFIX = neg_
load_col = {'inter': ['user_id', 'item_id', 'timestamp']}
unload_col = None
unused_col = None
additional_feat_suffix = None
rm_dup_inter = None
val_interval = None
filter_inter_by_user_or_item = True
user_inter_num_interval = [0,inf)
item_inter_num_interval = [0,inf)
alias_of_user_id = None
alias_of_item_id = None
alias_of_entity_id = None
alias_of_relation_id = None
preload_weight = None
normalize_field = None
normalize_all = None
ITEM_LIST_LENGTH_FIELD = item_length
LIST_SUFFIX = _list
MAX_ITEM_LIST_LENGTH = 200
POSITION_FIELD = position_id
HEAD_ENTITY_ID_FIELD = head_id
TAIL_ENTITY_ID_FIELD = tail_id
RELATION_ID_FIELD = relation_id
ENTITY_ID_FIELD = entity_id
benchmark_filename = None

Other Hyper Parameters: 
worker = 0
wandb_project = recbole
shuffle = True
require_pow = False
enable_amp = False
enable_scaler = False
transform = None
embedding_size = 64
hidden_size = 128
num_layers = 1
dropout_prob = 0.3
loss_type = CE
numerical_features = []
discretization = None
kg_reverse_r = False
entity_kg_num_interval = [0,inf)
relation_kg_num_interval = [0,inf)
MODEL_TYPE = ModelType.SEQUENTIAL
MODEL_INPUT_TYPE = InputType.POINTWISE
eval_type = EvaluatorType.RANKING
single_spec = True
local_rank = 0
device = cuda
valid_neg_sample_args = {'distribution': 'uniform', 'sample_num': 'none'}
test_neg_sample_args = {'distribution': 'uniform', 'sample_num': 'none'}


Sat 25 Jul 2026 01:48:26 INFO  ml-1m
The number of users: 6041
Average actions of users: 165.49850993377484
The number of items: 3417
Average actions of items: 292.6261709601874
The number of inters: 999611
The sparsity of the dataset: 95.15741545057172%
Remain Fields: ['user_id', 'item_id', 'timestamp']
Sat 25 Jul 2026 01:48:34 INFO  [Training]: train_batch_size = [256] train_neg_sample_args: [{'distribution': 'none', 'sample_num': 'none', 'alpha': 'none', 'dynamic': False, 'candidate_num': 0}]
Sat 25 Jul 2026 01:48:34 INFO  [Evaluation]: eval_batch_size = [512] eval_args: [{'split': {'LS': 'valid_and_test'}, 'order': 'TO', 'group_by': 'user', 'mode': {'valid': 'full', 'test': 'full'}}]
Sat 25 Jul 2026 01:48:34 INFO  GRU4Rec(
  (item_embedding): Embedding(3417, 64, padding_idx=0)
  (emb_dropout): Dropout(p=0.3, inplace=False)
  (gru_layers): GRU(64, 128, bias=False, batch_first=True)
  (dense): Linear(in_features=128, out_features=64, bias=True)
  (loss_fct): CrossEntropyLoss()
)
Trainable parameters: 300672
Sat 25 Jul 2026 01:48:34 INFO  FLOPs: 16576064.0
Sat 25 Jul 2026 01:50:06 INFO  epoch 0 training [time: 88.20s, train loss: 24828.6032]
Sat 25 Jul 2026 01:50:06 INFO  epoch 0 evaluating [time: 0.18s, valid_score: 0.076600]
Sat 25 Jul 2026 01:50:06 INFO  valid result: 
recall@5 : 0.0949    recall@10 : 0.1573    recall@20 : 0.2437    ndcg@5 : 0.0567    ndcg@10 : 0.0766    ndcg@20 : 0.0983    mrr@5 : 0.0442    mrr@10 : 0.0523    mrr@20 : 0.0581    hit@5 : 0.0949    hit@10 : 0.1573    hit@20 : 0.2437
Sat 25 Jul 2026 01:50:06 INFO  Saving current: recbole/output/saved/GRU4Rec-Jul-25-2026_01-48-34.pth
Sat 25 Jul 2026 01:51:34 INFO  epoch 1 training [time: 87.90s, train loss: 22298.9898]
Sat 25 Jul 2026 01:51:34 INFO  epoch 1 evaluating [time: 0.10s, valid_score: 0.094500]
Sat 25 Jul 2026 01:51:34 INFO  valid result: 
recall@5 : 0.1146    recall@10 : 0.1921    recall@20 : 0.2967    ndcg@5 : 0.0697    ndcg@10 : 0.0945    ndcg@20 : 0.1208    mrr@5 : 0.055    mrr@10 : 0.0652    mrr@20 : 0.0723    hit@5 : 0.1146    hit@10 : 0.1921    hit@20 : 0.2967
Sat 25 Jul 2026 01:51:34 INFO  Saving current: recbole/output/saved/GRU4Rec-Jul-25-2026_01-48-34.pth
Sat 25 Jul 2026 01:53:03 INFO  epoch 2 training [time: 88.84s, train loss: 21621.7363]
Sat 25 Jul 2026 01:53:03 INFO  epoch 2 evaluating [time: 0.10s, valid_score: 0.109400]
Sat 25 Jul 2026 01:53:03 INFO  valid result: 
recall@5 : 0.1349    recall@10 : 0.2139    recall@20 : 0.3238    ndcg@5 : 0.0839    ndcg@10 : 0.1094    ndcg@20 : 0.1372    mrr@5 : 0.0673    mrr@10 : 0.0778    mrr@20 : 0.0854    hit@5 : 0.1349    hit@10 : 0.2139    hit@20 : 0.3238
Sat 25 Jul 2026 01:53:03 INFO  Saving current: recbole/output/saved/GRU4Rec-Jul-25-2026_01-48-34.pth
Sat 25 Jul 2026 01:54:32 INFO  epoch 3 training [time: 88.73s, train loss: 21256.6066]
Sat 25 Jul 2026 01:54:32 INFO  epoch 3 evaluating [time: 0.12s, valid_score: 0.119200]
Sat 25 Jul 2026 01:54:32 INFO  valid result: 
recall@5 : 0.1442    recall@10 : 0.2273    recall@20 : 0.3325    ndcg@5 : 0.0925    ndcg@10 : 0.1192    ndcg@20 : 0.1456    mrr@5 : 0.0757    mrr@10 : 0.0865    mrr@20 : 0.0937    hit@5 : 0.1442    hit@10 : 0.2273    hit@20 : 0.3325
Sat 25 Jul 2026 01:54:32 INFO  Saving current: recbole/output/saved/GRU4Rec-Jul-25-2026_01-48-34.pth
Sat 25 Jul 2026 01:56:01 INFO  epoch 4 training [time: 88.61s, train loss: 20990.2382]
Sat 25 Jul 2026 01:56:01 INFO  epoch 4 evaluating [time: 0.12s, valid_score: 0.127400]
Sat 25 Jul 2026 01:56:01 INFO  valid result: 
recall@5 : 0.153    recall@10 : 0.2417    recall@20 : 0.3485    ndcg@5 : 0.0989    ndcg@10 : 0.1274    ndcg@20 : 0.1544    mrr@5 : 0.0812    mrr@10 : 0.0929    mrr@20 : 0.1003    hit@5 : 0.153    hit@10 : 0.2417    hit@20 : 0.3485
Sat 25 Jul 2026 01:56:01 INFO  Saving current: recbole/output/saved/GRU4Rec-Jul-25-2026_01-48-34.pth
Sat 25 Jul 2026 01:57:30 INFO  epoch 5 training [time: 89.08s, train loss: 20801.4734]
Sat 25 Jul 2026 01:57:30 INFO  epoch 5 evaluating [time: 0.10s, valid_score: 0.130000]
Sat 25 Jul 2026 01:57:30 INFO  valid result: 
recall@5 : 0.1581    recall@10 : 0.2439    recall@20 : 0.352    ndcg@5 : 0.1025    ndcg@10 : 0.13    ndcg@20 : 0.1573    mrr@5 : 0.0844    mrr@10 : 0.0956    mrr@20 : 0.103    hit@5 : 0.1581    hit@10 : 0.2439    hit@20 : 0.352
Sat 25 Jul 2026 01:57:30 INFO  Saving current: recbole/output/saved/GRU4Rec-Jul-25-2026_01-48-34.pth
Sat 25 Jul 2026 01:58:58 INFO  epoch 6 training [time: 88.46s, train loss: 20671.4131]
Sat 25 Jul 2026 01:58:58 INFO  epoch 6 evaluating [time: 0.12s, valid_score: 0.132800]
Sat 25 Jul 2026 01:58:58 INFO  valid result: 
recall@5 : 0.1593    recall@10 : 0.2464    recall@20 : 0.3627    ndcg@5 : 0.1048    ndcg@10 : 0.1328    ndcg@20 : 0.1621    mrr@5 : 0.087    mrr@10 : 0.0984    mrr@20 : 0.1064    hit@5 : 0.1593    hit@10 : 0.2464    hit@20 : 0.3627
Sat 25 Jul 2026 01:58:58 INFO  Saving current: recbole/output/saved/GRU4Rec-Jul-25-2026_01-48-34.pth
Sat 25 Jul 2026 02:00:27 INFO  epoch 7 training [time: 88.42s, train loss: 20561.0609]
Sat 25 Jul 2026 02:00:27 INFO  epoch 7 evaluating [time: 0.09s, valid_score: 0.135500]
Sat 25 Jul 2026 02:00:27 INFO  valid result: 
recall@5 : 0.1646    recall@10 : 0.2566    recall@20 : 0.3705    ndcg@5 : 0.1058    ndcg@10 : 0.1355    ndcg@20 : 0.1641    mrr@5 : 0.0867    mrr@10 : 0.0988    mrr@20 : 0.1066    hit@5 : 0.1646    hit@10 : 0.2566    hit@20 : 0.3705
Sat 25 Jul 2026 02:00:27 INFO  Saving current: recbole/output/saved/GRU4Rec-Jul-25-2026_01-48-34.pth
Sat 25 Jul 2026 02:01:56 INFO  epoch 8 training [time: 89.12s, train loss: 20475.3430]
Sat 25 Jul 2026 02:01:56 INFO  epoch 8 evaluating [time: 0.10s, valid_score: 0.137500]
Sat 25 Jul 2026 02:01:56 INFO  valid result: 
recall@5 : 0.1652    recall@10 : 0.2565    recall@20 : 0.3689    ndcg@5 : 0.1082    ndcg@10 : 0.1375    ndcg@20 : 0.1658    mrr@5 : 0.0896    mrr@10 : 0.1016    mrr@20 : 0.1092    hit@5 : 0.1652    hit@10 : 0.2565    hit@20 : 0.3689
Sat 25 Jul 2026 02:01:56 INFO  Saving current: recbole/output/saved/GRU4Rec-Jul-25-2026_01-48-34.pth
Sat 25 Jul 2026 02:03:24 INFO  epoch 9 training [time: 88.28s, train loss: 20407.1259]
Sat 25 Jul 2026 02:03:25 INFO  epoch 9 evaluating [time: 0.10s, valid_score: 0.140800]
Sat 25 Jul 2026 02:03:25 INFO  valid result: 
recall@5 : 0.1712    recall@10 : 0.2588    recall@20 : 0.3735    ndcg@5 : 0.1126    ndcg@10 : 0.1408    ndcg@20 : 0.1697    mrr@5 : 0.0933    mrr@10 : 0.1049    mrr@20 : 0.1128    hit@5 : 0.1712    hit@10 : 0.2588    hit@20 : 0.3735
Sat 25 Jul 2026 02:03:25 INFO  Saving current: recbole/output/saved/GRU4Rec-Jul-25-2026_01-48-34.pth
Sat 25 Jul 2026 02:04:53 INFO  epoch 10 training [time: 88.42s, train loss: 20347.5226]
Sat 25 Jul 2026 02:04:53 INFO  epoch 10 evaluating [time: 0.10s, valid_score: 0.141500]
Sat 25 Jul 2026 02:04:53 INFO  valid result: 
recall@5 : 0.1753    recall@10 : 0.2629    recall@20 : 0.3773    ndcg@5 : 0.1133    ndcg@10 : 0.1415    ndcg@20 : 0.1704    mrr@5 : 0.093    mrr@10 : 0.1047    mrr@20 : 0.1126    hit@5 : 0.1753    hit@10 : 0.2629    hit@20 : 0.3773
Sat 25 Jul 2026 02:04:53 INFO  Saving current: recbole/output/saved/GRU4Rec-Jul-25-2026_01-48-34.pth
Sat 25 Jul 2026 02:06:22 INFO  epoch 11 training [time: 88.90s, train loss: 20296.5876]
Sat 25 Jul 2026 02:06:22 INFO  epoch 11 evaluating [time: 0.09s, valid_score: 0.144600]
Sat 25 Jul 2026 02:06:22 INFO  valid result: 
recall@5 : 0.1735    recall@10 : 0.2677    recall@20 : 0.3755    ndcg@5 : 0.1143    ndcg@10 : 0.1446    ndcg@20 : 0.1718    mrr@5 : 0.0949    mrr@10 : 0.1073    mrr@20 : 0.1147    hit@5 : 0.1735    hit@10 : 0.2677    hit@20 : 0.3755
Sat 25 Jul 2026 02:06:22 INFO  Saving current: recbole/output/saved/GRU4Rec-Jul-25-2026_01-48-34.pth
Sat 25 Jul 2026 02:07:50 INFO  epoch 12 training [time: 88.34s, train loss: 20248.6006]
Sat 25 Jul 2026 02:07:51 INFO  epoch 12 evaluating [time: 0.10s, valid_score: 0.145800]
Sat 25 Jul 2026 02:07:51 INFO  valid result: 
recall@5 : 0.1762    recall@10 : 0.2669    recall@20 : 0.3788    ndcg@5 : 0.1166    ndcg@10 : 0.1458    ndcg@20 : 0.1741    mrr@5 : 0.097    mrr@10 : 0.109    mrr@20 : 0.1168    hit@5 : 0.1762    hit@10 : 0.2669    hit@20 : 0.3788
Sat 25 Jul 2026 02:07:51 INFO  Saving current: recbole/output/saved/GRU4Rec-Jul-25-2026_01-48-34.pth
Sat 25 Jul 2026 02:09:19 INFO  epoch 13 training [time: 88.15s, train loss: 20210.1966]
Sat 25 Jul 2026 02:09:19 INFO  epoch 13 evaluating [time: 0.10s, valid_score: 0.144000]
Sat 25 Jul 2026 02:09:19 INFO  valid result: 
recall@5 : 0.1773    recall@10 : 0.2636    recall@20 : 0.3829    ndcg@5 : 0.1163    ndcg@10 : 0.144    ndcg@20 : 0.1742    mrr@5 : 0.0963    mrr@10 : 0.1076    mrr@20 : 0.116    hit@5 : 0.1773    hit@10 : 0.2636    hit@20 : 0.3829
Sat 25 Jul 2026 02:10:47 INFO  epoch 14 training [time: 88.13s, train loss: 20176.6975]
Sat 25 Jul 2026 02:10:47 INFO  epoch 14 evaluating [time: 0.09s, valid_score: 0.146100]
Sat 25 Jul 2026 02:10:47 INFO  valid result: 
recall@5 : 0.1755    recall@10 : 0.2684    recall@20 : 0.3803    ndcg@5 : 0.1162    ndcg@10 : 0.1461    ndcg@20 : 0.1744    mrr@5 : 0.0968    mrr@10 : 0.1091    mrr@20 : 0.1168    hit@5 : 0.1755    hit@10 : 0.2684    hit@20 : 0.3803
Sat 25 Jul 2026 02:10:47 INFO  Saving current: recbole/output/saved/GRU4Rec-Jul-25-2026_01-48-34.pth
Sat 25 Jul 2026 02:12:16 INFO  epoch 15 training [time: 88.61s, train loss: 20145.7094]
Sat 25 Jul 2026 02:12:16 INFO  epoch 15 evaluating [time: 0.10s, valid_score: 0.147000]
Sat 25 Jul 2026 02:12:16 INFO  valid result: 
recall@5 : 0.1801    recall@10 : 0.274    recall@20 : 0.3783    ndcg@5 : 0.1169    ndcg@10 : 0.147    ndcg@20 : 0.1734    mrr@5 : 0.0962    mrr@10 : 0.1085    mrr@20 : 0.1158    hit@5 : 0.1801    hit@10 : 0.274    hit@20 : 0.3783
Sat 25 Jul 2026 02:12:16 INFO  Saving current: recbole/output/saved/GRU4Rec-Jul-25-2026_01-48-34.pth
Sat 25 Jul 2026 02:13:45 INFO  epoch 16 training [time: 88.87s, train loss: 20116.3745]
Sat 25 Jul 2026 02:13:45 INFO  epoch 16 evaluating [time: 0.12s, valid_score: 0.146700]
Sat 25 Jul 2026 02:13:45 INFO  valid result: 
recall@5 : 0.1778    recall@10 : 0.2697    recall@20 : 0.3836    ndcg@5 : 0.1172    ndcg@10 : 0.1467    ndcg@20 : 0.1755    mrr@5 : 0.0974    mrr@10 : 0.1095    mrr@20 : 0.1174    hit@5 : 0.1778    hit@10 : 0.2697    hit@20 : 0.3836
Sat 25 Jul 2026 02:15:13 INFO  epoch 17 training [time: 88.09s, train loss: 20091.6049]
Sat 25 Jul 2026 02:15:13 INFO  epoch 17 evaluating [time: 0.10s, valid_score: 0.147800]
Sat 25 Jul 2026 02:15:13 INFO  valid result: 
recall@5 : 0.1816    recall@10 : 0.2724    recall@20 : 0.3839    ndcg@5 : 0.1187    ndcg@10 : 0.1478    ndcg@20 : 0.1759    mrr@5 : 0.098    mrr@10 : 0.11    mrr@20 : 0.1176    hit@5 : 0.1816    hit@10 : 0.2724    hit@20 : 0.3839
Sat 25 Jul 2026 02:15:13 INFO  Saving current: recbole/output/saved/GRU4Rec-Jul-25-2026_01-48-34.pth
Sat 25 Jul 2026 02:16:42 INFO  epoch 18 training [time: 89.20s, train loss: 20065.1577]
Sat 25 Jul 2026 02:16:42 INFO  epoch 18 evaluating [time: 0.10s, valid_score: 0.149400]
Sat 25 Jul 2026 02:16:42 INFO  valid result: 
recall@5 : 0.1783    recall@10 : 0.2735    recall@20 : 0.3861    ndcg@5 : 0.1189    ndcg@10 : 0.1494    ndcg@20 : 0.1778    mrr@5 : 0.0994    mrr@10 : 0.1118    mrr@20 : 0.1196    hit@5 : 0.1783    hit@10 : 0.2735    hit@20 : 0.3861
Sat 25 Jul 2026 02:16:42 INFO  Saving current: recbole/output/saved/GRU4Rec-Jul-25-2026_01-48-34.pth
Sat 25 Jul 2026 02:18:12 INFO  epoch 19 training [time: 89.25s, train loss: 20043.2070]
Sat 25 Jul 2026 02:18:12 INFO  epoch 19 evaluating [time: 0.12s, valid_score: 0.149400]
Sat 25 Jul 2026 02:18:12 INFO  valid result: 
recall@5 : 0.181    recall@10 : 0.2738    recall@20 : 0.3829    ndcg@5 : 0.1195    ndcg@10 : 0.1494    ndcg@20 : 0.177    mrr@5 : 0.0994    mrr@10 : 0.1117    mrr@20 : 0.1192    hit@5 : 0.181    hit@10 : 0.2738    hit@20 : 0.3829
Sat 25 Jul 2026 02:18:12 INFO  Saving current: recbole/output/saved/GRU4Rec-Jul-25-2026_01-48-34.pth
Sat 25 Jul 2026 02:19:40 INFO  epoch 20 training [time: 88.42s, train loss: 20025.8937]
Sat 25 Jul 2026 02:19:40 INFO  epoch 20 evaluating [time: 0.09s, valid_score: 0.150700]
Sat 25 Jul 2026 02:19:40 INFO  valid result: 
recall@5 : 0.1823    recall@10 : 0.2717    recall@20 : 0.3896    ndcg@5 : 0.122    ndcg@10 : 0.1507    ndcg@20 : 0.1803    mrr@5 : 0.1022    mrr@10 : 0.1139    mrr@20 : 0.122    hit@5 : 0.1823    hit@10 : 0.2717    hit@20 : 0.3896
Sat 25 Jul 2026 02:19:40 INFO  Saving current: recbole/output/saved/GRU4Rec-Jul-25-2026_01-48-34.pth
Sat 25 Jul 2026 02:21:08 INFO  epoch 21 training [time: 88.10s, train loss: 20003.1427]
Sat 25 Jul 2026 02:21:08 INFO  epoch 21 evaluating [time: 0.12s, valid_score: 0.149300]
Sat 25 Jul 2026 02:21:08 INFO  valid result: 
recall@5 : 0.1815    recall@10 : 0.2709    recall@20 : 0.3796    ndcg@5 : 0.1205    ndcg@10 : 0.1493    ndcg@20 : 0.1767    mrr@5 : 0.1005    mrr@10 : 0.1123    mrr@20 : 0.1198    hit@5 : 0.1815    hit@10 : 0.2709    hit@20 : 0.3796
Sat 25 Jul 2026 02:22:38 INFO  epoch 22 training [time: 89.35s, train loss: 19984.5385]
Sat 25 Jul 2026 02:22:38 INFO  epoch 22 evaluating [time: 0.12s, valid_score: 0.148700]
Sat 25 Jul 2026 02:22:38 INFO  valid result: 
recall@5 : 0.1803    recall@10 : 0.2707    recall@20 : 0.3838    ndcg@5 : 0.1195    ndcg@10 : 0.1487    ndcg@20 : 0.1772    mrr@5 : 0.0995    mrr@10 : 0.1115    mrr@20 : 0.1194    hit@5 : 0.1803    hit@10 : 0.2707    hit@20 : 0.3838
Sat 25 Jul 2026 02:24:06 INFO  epoch 23 training [time: 88.53s, train loss: 19969.8355]
Sat 25 Jul 2026 02:24:07 INFO  epoch 23 evaluating [time: 0.10s, valid_score: 0.152500]
Sat 25 Jul 2026 02:24:07 INFO  valid result: 
recall@5 : 0.1876    recall@10 : 0.276    recall@20 : 0.3904    ndcg@5 : 0.1242    ndcg@10 : 0.1525    ndcg@20 : 0.1813    mrr@5 : 0.1034    mrr@10 : 0.1149    mrr@20 : 0.1228    hit@5 : 0.1876    hit@10 : 0.276    hit@20 : 0.3904
Sat 25 Jul 2026 02:24:07 INFO  Saving current: recbole/output/saved/GRU4Rec-Jul-25-2026_01-48-34.pth
Sat 25 Jul 2026 02:25:35 INFO  epoch 24 training [time: 88.76s, train loss: 19955.1646]
Sat 25 Jul 2026 02:25:35 INFO  epoch 24 evaluating [time: 0.10s, valid_score: 0.152600]
Sat 25 Jul 2026 02:25:35 INFO  valid result: 
recall@5 : 0.1859    recall@10 : 0.2783    recall@20 : 0.3955    ndcg@5 : 0.123    ndcg@10 : 0.1526    ndcg@20 : 0.1822    mrr@5 : 0.1023    mrr@10 : 0.1144    mrr@20 : 0.1225    hit@5 : 0.1859    hit@10 : 0.2783    hit@20 : 0.3955
Sat 25 Jul 2026 02:25:35 INFO  Saving current: recbole/output/saved/GRU4Rec-Jul-25-2026_01-48-34.pth
Sat 25 Jul 2026 02:27:04 INFO  epoch 25 training [time: 88.43s, train loss: 19942.4499]
Sat 25 Jul 2026 02:27:04 INFO  epoch 25 evaluating [time: 0.12s, valid_score: 0.153500]
Sat 25 Jul 2026 02:27:04 INFO  valid result: 
recall@5 : 0.1828    recall@10 : 0.2805    recall@20 : 0.3922    ndcg@5 : 0.1221    ndcg@10 : 0.1535    ndcg@20 : 0.1816    mrr@5 : 0.1022    mrr@10 : 0.1151    mrr@20 : 0.1227    hit@5 : 0.1828    hit@10 : 0.2805    hit@20 : 0.3922
Sat 25 Jul 2026 02:27:04 INFO  Saving current: recbole/output/saved/GRU4Rec-Jul-25-2026_01-48-34.pth
Sat 25 Jul 2026 02:28:33 INFO  epoch 26 training [time: 88.93s, train loss: 19924.0272]
Sat 25 Jul 2026 02:28:33 INFO  epoch 26 evaluating [time: 0.10s, valid_score: 0.151500]
Sat 25 Jul 2026 02:28:33 INFO  valid result: 
recall@5 : 0.1818    recall@10 : 0.2755    recall@20 : 0.3889    ndcg@5 : 0.1214    ndcg@10 : 0.1515    ndcg@20 : 0.18    mrr@5 : 0.1016    mrr@10 : 0.1139    mrr@20 : 0.1217    hit@5 : 0.1818    hit@10 : 0.2755    hit@20 : 0.3889
Sat 25 Jul 2026 02:30:01 INFO  epoch 27 training [time: 88.31s, train loss: 19914.0011]
Sat 25 Jul 2026 02:30:01 INFO  epoch 27 evaluating [time: 0.12s, valid_score: 0.150500]
Sat 25 Jul 2026 02:30:01 INFO  valid result: 
recall@5 : 0.182    recall@10 : 0.2776    recall@20 : 0.3904    ndcg@5 : 0.1197    ndcg@10 : 0.1505    ndcg@20 : 0.1789    mrr@5 : 0.0994    mrr@10 : 0.112    mrr@20 : 0.1197    hit@5 : 0.182    hit@10 : 0.2776    hit@20 : 0.3904
Sat 25 Jul 2026 02:31:30 INFO  epoch 28 training [time: 88.35s, train loss: 19904.1182]
Sat 25 Jul 2026 02:31:30 INFO  epoch 28 evaluating [time: 0.10s, valid_score: 0.149700]
Sat 25 Jul 2026 02:31:30 INFO  valid result: 
recall@5 : 0.1843    recall@10 : 0.2724    recall@20 : 0.3902    ndcg@5 : 0.1214    ndcg@10 : 0.1497    ndcg@20 : 0.1795    mrr@5 : 0.1009    mrr@10 : 0.1124    mrr@20 : 0.1206    hit@5 : 0.1843    hit@10 : 0.2724    hit@20 : 0.3902
Sat 25 Jul 2026 02:32:58 INFO  epoch 29 training [time: 88.55s, train loss: 19890.2980]
Sat 25 Jul 2026 02:32:59 INFO  epoch 29 evaluating [time: 0.10s, valid_score: 0.151700]
Sat 25 Jul 2026 02:32:59 INFO  valid result: 
recall@5 : 0.1829    recall@10 : 0.2702    recall@20 : 0.3873    ndcg@5 : 0.1237    ndcg@10 : 0.1517    ndcg@20 : 0.1813    mrr@5 : 0.1042    mrr@10 : 0.1157    mrr@20 : 0.1238    hit@5 : 0.1829    hit@10 : 0.2702    hit@20 : 0.3873
Sat 25 Jul 2026 02:34:27 INFO  epoch 30 training [time: 88.63s, train loss: 19880.4925]
Sat 25 Jul 2026 02:34:27 INFO  epoch 30 evaluating [time: 0.11s, valid_score: 0.150100]
Sat 25 Jul 2026 02:34:27 INFO  valid result: 
recall@5 : 0.181    recall@10 : 0.2704    recall@20 : 0.3863    ndcg@5 : 0.1213    ndcg@10 : 0.1501    ndcg@20 : 0.1792    mrr@5 : 0.1018    mrr@10 : 0.1136    mrr@20 : 0.1215    hit@5 : 0.181    hit@10 : 0.2704    hit@20 : 0.3863
Sat 25 Jul 2026 02:35:56 INFO  epoch 31 training [time: 89.03s, train loss: 19869.8387]
Sat 25 Jul 2026 02:35:56 INFO  epoch 31 evaluating [time: 0.10s, valid_score: 0.151300]
Sat 25 Jul 2026 02:35:56 INFO  valid result: 
recall@5 : 0.1871    recall@10 : 0.2773    recall@20 : 0.393    ndcg@5 : 0.1223    ndcg@10 : 0.1513    ndcg@20 : 0.1805    mrr@5 : 0.1012    mrr@10 : 0.113    mrr@20 : 0.121    hit@5 : 0.1871    hit@10 : 0.2773    hit@20 : 0.393
Sat 25 Jul 2026 02:37:25 INFO  epoch 32 training [time: 89.04s, train loss: 19859.3822]
Sat 25 Jul 2026 02:37:26 INFO  epoch 32 evaluating [time: 0.10s, valid_score: 0.148200]
Sat 25 Jul 2026 02:37:26 INFO  valid result: 
recall@5 : 0.1793    recall@10 : 0.2719    recall@20 : 0.3944    ndcg@5 : 0.1183    ndcg@10 : 0.1482    ndcg@20 : 0.1789    mrr@5 : 0.0982    mrr@10 : 0.1106    mrr@20 : 0.1189    hit@5 : 0.1793    hit@10 : 0.2719    hit@20 : 0.3944
Sat 25 Jul 2026 02:38:54 INFO  epoch 33 training [time: 88.54s, train loss: 19852.0222]
Sat 25 Jul 2026 02:38:54 INFO  epoch 33 evaluating [time: 0.12s, valid_score: 0.153100]
Sat 25 Jul 2026 02:38:54 INFO  valid result: 
recall@5 : 0.1853    recall@10 : 0.2781    recall@20 : 0.3942    ndcg@5 : 0.1232    ndcg@10 : 0.1531    ndcg@20 : 0.1823    mrr@5 : 0.1029    mrr@10 : 0.1152    mrr@20 : 0.1231    hit@5 : 0.1853    hit@10 : 0.2781    hit@20 : 0.3942
Sat 25 Jul 2026 02:40:23 INFO  epoch 34 training [time: 88.42s, train loss: 19843.7628]
Sat 25 Jul 2026 02:40:23 INFO  epoch 34 evaluating [time: 0.10s, valid_score: 0.153000]
Sat 25 Jul 2026 02:40:23 INFO  valid result: 
recall@5 : 0.1844    recall@10 : 0.2757    recall@20 : 0.3917    ndcg@5 : 0.1235    ndcg@10 : 0.153    ndcg@20 : 0.1823    mrr@5 : 0.1036    mrr@10 : 0.1157    mrr@20 : 0.1238    hit@5 : 0.1844    hit@10 : 0.2757    hit@20 : 0.3917
Sat 25 Jul 2026 02:41:52 INFO  epoch 35 training [time: 88.89s, train loss: 19874.6640]
Sat 25 Jul 2026 02:41:52 INFO  epoch 35 evaluating [time: 0.10s, valid_score: 0.153400]
Sat 25 Jul 2026 02:41:52 INFO  valid result: 
recall@5 : 0.1882    recall@10 : 0.2796    recall@20 : 0.3964    ndcg@5 : 0.124    ndcg@10 : 0.1534    ndcg@20 : 0.1828    mrr@5 : 0.1029    mrr@10 : 0.115    mrr@20 : 0.1231    hit@5 : 0.1882    hit@10 : 0.2796    hit@20 : 0.3964
Sat 25 Jul 2026 02:43:21 INFO  epoch 36 training [time: 88.86s, train loss: 19823.8450]
Sat 25 Jul 2026 02:43:21 INFO  epoch 36 evaluating [time: 0.12s, valid_score: 0.151400]
Sat 25 Jul 2026 02:43:21 INFO  valid result: 
recall@5 : 0.1854    recall@10 : 0.274    recall@20 : 0.3887    ndcg@5 : 0.123    ndcg@10 : 0.1514    ndcg@20 : 0.1802    mrr@5 : 0.1025    mrr@10 : 0.1141    mrr@20 : 0.1219    hit@5 : 0.1854    hit@10 : 0.274    hit@20 : 0.3887
Sat 25 Jul 2026 02:43:21 INFO  Finished training, best eval result in epoch 25
Sat 25 Jul 2026 02:43:21 INFO  Loading model structure and parameters from recbole/output/saved/GRU4Rec-Jul-25-2026_01-48-34.pth
Sat 25 Jul 2026 02:43:22 INFO  The running environment of this training is as follows:
+-------------+----------------+
| Environment |     Usage      |
+=============+================+
| CPU         |     1.10 %     |
+-------------+----------------+
| GPU         | 2.01 G/11.63 G |
+-------------+----------------+
| Memory      | 6.01 G/31.12 G |
+-------------+----------------+
Sat 25 Jul 2026 02:43:22 INFO  best valid : OrderedDict([('recall@5', np.float64(0.1828)), ('recall@10', np.float64(0.2805)), ('recall@20', np.float64(0.3922)), ('ndcg@5', np.float64(0.1221)), ('ndcg@10', np.float64(0.1535)), ('ndcg@20', np.float64(0.1816)), ('mrr@5', np.float64(0.1022)), ('mrr@10', np.float64(0.1151)), ('mrr@20', np.float64(0.1227)), ('hit@5', np.float64(0.1828)), ('hit@10', np.float64(0.2805)), ('hit@20', np.float64(0.3922))])
Sat 25 Jul 2026 02:43:22 INFO  test result: OrderedDict([('recall@5', np.float64(0.1768)), ('recall@10', np.float64(0.2641)), ('recall@20', np.float64(0.3674)), ('ndcg@5', np.float64(0.121)), ('ndcg@10', np.float64(0.1491)), ('ndcg@20', np.float64(0.1751)), ('mrr@5', np.float64(0.1026)), ('mrr@10', np.float64(0.1142)), ('mrr@20', np.float64(0.1212)), ('hit@5', np.float64(0.1768)), ('hit@10', np.float64(0.2641)), ('hit@20', np.float64(0.3674))])
